// Jest Snapshot v1, https://goo.gl/fbAQLP

exports[`Render login button if not logged in yet 1`] = `<login button />`;

exports[`Render username if logged in 1`] = `
<div
  style={
    Object {
      "color": "white",
    }
  }
>
  Welcome: 
  mockuser
</div>
`;
